This is XeTeX, Version 3.141592653-2.6-0.999998 (TeX Live 2026) (preloaded format=xelatex 2026.4.26)  2 JUN 2026 13:40
entering extended mode
 restricted \write18 enabled.
 %&-line parsing enabled.
**main.tex
(./main.tex
LaTeX2e <2025-11-01>
L3 programming layer <2026-03-20>
(./setup.tex (./vkr.cls
Document Class: vkr VKR class
(c:/texlive/2026/texmf-dist/tex/latex/fontspec/fontspec.sty
(c:/texlive/2026/texmf-dist/tex/latex/l3packages/xparse/xparse.sty
(c:/texlive/2026/texmf-dist/tex/latex/l3kernel/expl3.sty
Package: expl3 2026-03-20 L3 programming layer (loader) 

(c:/texlive/2026/texmf-dist/tex/latex/l3backend/l3backend-xetex.def
File: l3backend-xetex.def 2026-02-18 L3 backend support: XeTeX
\g__graphics_track_int=\count271
\g__pdfannot_backend_int=\count272
\g__pdfannot_backend_link_int=\count273
))
Package: xparse 2025-10-09 L3 Experimental document command parser
)
Package: fontspec 2025/09/29 v2.9g Font selection for XeLaTeX and LuaLaTeX

(c:/texlive/2026/texmf-dist/tex/latex/fontspec/fontspec-xetex.sty
Package: fontspec-xetex 2025/09/29 v2.9g Font selection for XeLaTeX and LuaLaTe
X
\l__fontspec_script_int=\count274
\l__fontspec_language_int=\count275
\l__fontspec_strnum_int=\count276
\l__fontspec_tmp_int=\count277
\l__fontspec_tmpa_int=\count278
\l__fontspec_tmpb_int=\count279
\l__fontspec_tmpc_int=\count280
\l__fontspec_em_int=\count281
\l__fontspec_emdef_int=\count282
\l__fontspec_strong_int=\count283
\l__fontspec_strongdef_int=\count284
\l__fontspec_tmpa_dim=\dimen150
\l__fontspec_tmpb_dim=\dimen151
\l__fontspec_tmpc_dim=\dimen152

(c:/texlive/2026/texmf-dist/tex/latex/base/fontenc.sty
Package: fontenc 2025/07/18 v2.1d Standard LaTeX package
)
(c:/texlive/2026/texmf-dist/tex/latex/fontspec/fontspec.cfg)))

Package fontspec Info: 
(fontspec)             Font family 'TimesNewRoman(0)' created for font 'Times
(fontspec)             New Roman' with options [Ligatures=TeX].
(fontspec)              
(fontspec)              This font family consists of the following NFSS
(fontspec)             series/shapes:
(fontspec)              
(fontspec)             - 'normal' (m/n) with NFSS spec.: <->"Times New
(fontspec)             Roman/OT:script=latn;language=dflt;mapping=tex-text;"
(fontspec)             - 'small caps'  (m/sc) with NFSS spec.: <->"Times New
(fontspec)             Roman/OT:script=latn;language=dflt;+smcp;mapping=tex-tex
t;"
(fontspec)             - 'bold' (b/n) with NFSS spec.: <->"Times New
(fontspec)             Roman/B/OT:script=latn;language=dflt;mapping=tex-text;"
(fontspec)             - 'bold small caps'  (b/sc) with NFSS spec.: <->"Times
(fontspec)             New
(fontspec)             Roman/B/OT:script=latn;language=dflt;+smcp;mapping=tex-t
ext;"
(fontspec)             - 'italic' (m/it) with NFSS spec.: <->"Times New
(fontspec)             Roman/I/OT:script=latn;language=dflt;mapping=tex-text;"
(fontspec)             - 'italic small caps'  (m/scit) with NFSS spec.:
(fontspec)             <->"Times New
(fontspec)             Roman/I/OT:script=latn;language=dflt;+smcp;mapping=tex-t
ext;"
(fontspec)             - 'bold italic' (b/it) with NFSS spec.: <->"Times New
(fontspec)             Roman/BI/OT:script=latn;language=dflt;mapping=tex-text;"

(fontspec)             - 'bold italic small caps'  (b/scit) with NFSS spec.:
(fontspec)             <->"Times New
(fontspec)             Roman/BI/OT:script=latn;language=dflt;+smcp;mapping=tex-
text;"

\pagetop=\skip49
\pagebottom=\skip50
\pageleft=\skip51
\pageright=\skip52
\pwidth=\skip53
\pheight=\skip54
\saved@arstrutbox=\box53
\c@section=\count285
\c@subsection=\count286
\c@subsubsection=\count287
\c@paragraph=\count288
\c@figure=\count289
\c@figurecnt=\count290
\abovecaptionskip=\skip55
\belowcaptionskip=\skip56
\c@table=\count291
\c@tablecnt=\count292
\c@lastpage=\count293
\c@числоПлакатов=\count294
\c@bibcount=\count295
)
(c:/texlive/2026/texmf-dist/tex/generic/babel/babel.sty
Package: babel 2026/04/15 v26.6 The multilingual framework for LuaLaTeX, pdfLaT
eX and XeLaTeX
\babel@savecnt=\count296
LaTeX Encoding Info:    Redeclaring text command \ij (encoding OT1) on input li
ne 2078.
LaTeX Encoding Info:    Redeclaring text command \IJ (encoding OT1) on input li
ne 2080.
LaTeX Encoding Info:    Redeclaring text command \ij (encoding T1) on input lin
e 2082.
LaTeX Encoding Info:    Redeclaring text command \IJ (encoding T1) on input lin
e 2083.
LaTeX Encoding Info:    Ignoring declaration for text command \ij (encoding ?) 
on input line 2084.
LaTeX Encoding Info:    Ignoring declaration for text command \IJ (encoding ?) 
on input line 2086.
LaTeX Encoding Info:    Ignoring declaration for text command \SS (encoding ?) 
on input line 2111.
\U@D=\dimen153
\l@unhyphenated=\language91

(c:/texlive/2026/texmf-dist/tex/generic/babel/xebabel.def)
\bbl@readstream=\read2
\bbl@dirlevel=\count297

(c:/texlive/2026/texmf-dist/tex/generic/babel/locale/en/babel-english.tex)
(c:/texlive/2026/texmf-dist/tex/generic/babel/locale/ru/babel-russian.tex)
Package babel Info: Importing font and identification data for english
(babel)             from babel-en.ini. Reported on input line 4330.

(c:/texlive/2026/texmf-dist/tex/generic/babel-english/english.ldf
Language: english 2017/06/06 v3.3r English support from the babel system
Package babel Info: Hyphen rules for 'canadian' set to \l@english
(babel)             (\language0). Reported on input line 102.
Package babel Info: Hyphen rules for 'australian' set to \l@ukenglish
(babel)             (\language22). Reported on input line 105.
Package babel Info: Hyphen rules for 'newzealand' set to \l@ukenglish
(babel)             (\language22). Reported on input line 108.
)
Package babel Info: Importing font and identification data for russian
(babel)             from babel-ru.ini. Reported on input line 4330.

(c:/texlive/2026/texmf-dist/tex/generic/babel-russian/russianb.ldf
File: russianb.ldf 2021/01/10 1.3m Russian support for the Babel system
Language: russian 2020/09/09 1.3k Russian support for the Babel system
Package babel Info: Making " an active character on input line 124.
Package babel Info: Default for \cyrdash is provided on input line 163.
))
(c:/texlive/2026/texmf-dist/tex/latex/graphics/graphicx.sty
Package: graphicx 2024/12/31 v1.2e Enhanced LaTeX Graphics (DPC,SPQR)

(c:/texlive/2026/texmf-dist/tex/latex/graphics/keyval.sty
Package: keyval 2022/05/29 v1.15 key=value parser (DPC)
\KV@toks@=\toks17
)
(c:/texlive/2026/texmf-dist/tex/latex/graphics/graphics.sty
Package: graphics 2024/08/06 v1.4g Standard LaTeX Graphics (DPC,SPQR)

(c:/texlive/2026/texmf-dist/tex/latex/graphics/trig.sty
Package: trig 2023/12/02 v1.11 sin cos tan (DPC)
)
(c:/texlive/2026/texmf-dist/tex/latex/graphics-cfg/graphics.cfg
File: graphics.cfg 2016/06/04 v1.11 sample graphics configuration
)
Package graphics Info: Driver file: xetex.def on input line 106.

(c:/texlive/2026/texmf-dist/tex/latex/graphics-def/xetex.def
File: xetex.def 2025/11/01 v5.0p Graphics/color driver for xetex
))
\Gin@req@height=\dimen154
\Gin@req@width=\dimen155
)
(c:/texlive/2026/texmf-dist/tex/latex/hyperref/hyperref.sty
Package: hyperref 2026-01-29 v7.01p Hypertext links for LaTeX

(c:/texlive/2026/texmf-dist/tex/generic/iftex/iftex.sty
Package: iftex 2024/12/12 v1.0g TeX engine tests
)
(c:/texlive/2026/texmf-dist/tex/latex/kvsetkeys/kvsetkeys.sty
Package: kvsetkeys 2022-10-05 v1.19 Key value parser (HO)
)
(c:/texlive/2026/texmf-dist/tex/generic/kvdefinekeys/kvdefinekeys.sty
Package: kvdefinekeys 2019-12-19 v1.6 Define keys (HO)
)
(c:/texlive/2026/texmf-dist/tex/generic/pdfescape/pdfescape.sty
Package: pdfescape 2019/12/09 v1.15 Implements pdfTeX's escape features (HO)

(c:/texlive/2026/texmf-dist/tex/generic/ltxcmds/ltxcmds.sty
Package: ltxcmds 2023-12-04 v1.26 LaTeX kernel commands for general use (HO)
)
(c:/texlive/2026/texmf-dist/tex/generic/pdftexcmds/pdftexcmds.sty
Package: pdftexcmds 2020-06-27 v0.33 Utility functions of pdfTeX for LuaTeX (HO
)

(c:/texlive/2026/texmf-dist/tex/generic/infwarerr/infwarerr.sty
Package: infwarerr 2019/12/03 v1.5 Providing info/warning/error messages (HO)
)
Package pdftexcmds Info: \pdf@primitive is available.
Package pdftexcmds Info: \pdf@ifprimitive is available.
Package pdftexcmds Info: \pdfdraftmode not found.
))
(c:/texlive/2026/texmf-dist/tex/latex/hycolor/hycolor.sty
Package: hycolor 2020-01-27 v1.10 Color options for hyperref/bookmark (HO)
)
(c:/texlive/2026/texmf-dist/tex/latex/hyperref/nameref.sty
Package: nameref 2026-01-29 v2.58 Cross-referencing by name of section

(c:/texlive/2026/texmf-dist/tex/latex/refcount/refcount.sty
Package: refcount 2019/12/15 v3.6 Data extraction from label references (HO)
)
(c:/texlive/2026/texmf-dist/tex/generic/gettitlestring/gettitlestring.sty
Package: gettitlestring 2019/12/15 v1.6 Cleanup title references (HO)

(c:/texlive/2026/texmf-dist/tex/latex/kvoptions/kvoptions.sty
Package: kvoptions 2022-06-15 v3.15 Key value format for package options (HO)
))
\c@section@level=\count298
)
(c:/texlive/2026/texmf-dist/tex/latex/etoolbox/etoolbox.sty
Package: etoolbox 2025/10/02 v2.5m e-TeX tools for LaTeX (JAW)
\etb@tempcnta=\count299
)
(c:/texlive/2026/texmf-dist/tex/generic/stringenc/stringenc.sty
Package: stringenc 2019/11/29 v1.12 Convert strings between diff. encodings (HO
)
)
\@linkdim=\dimen156
\Hy@linkcounter=\count300
\Hy@pagecounter=\count301

(c:/texlive/2026/texmf-dist/tex/latex/hyperref/pd1enc.def
File: pd1enc.def 2026-01-29 v7.01p Hyperref: PDFDocEncoding definition (HO)
)
(c:/texlive/2026/texmf-dist/tex/generic/intcalc/intcalc.sty
Package: intcalc 2019/12/15 v1.3 Expandable calculations with integers (HO)
)
\Hy@SavedSpaceFactor=\count302

(c:/texlive/2026/texmf-dist/tex/latex/hyperref/puenc.def
File: puenc.def 2026-01-29 v7.01p Hyperref: PDF Unicode definition (HO)
)
Package hyperref Info: Option `unicode' set `true' on input line 3166.
Package hyperref Info: Hyper figures OFF on input line 4201.
Package hyperref Info: Link nesting OFF on input line 4206.
Package hyperref Info: Hyper index ON on input line 4209.
Package hyperref Info: Plain pages OFF on input line 4216.
Package hyperref Info: Backreferencing OFF on input line 4221.
Package hyperref Info: Implicit mode ON; LaTeX internals redefined.
Package hyperref Info: Bookmarks ON on input line 4468.
\c@Hy@tempcnt=\count303

(c:/texlive/2026/texmf-dist/tex/latex/url/url.sty
\Urlmuskip=\muskip17
Package: url 2013/09/16  ver 3.4  Verb mode for urls, etc.
)
LaTeX Info: Redefining \url on input line 4807.
\XeTeXLinkMargin=\dimen157

(c:/texlive/2026/texmf-dist/tex/generic/bitset/bitset.sty
Package: bitset 2019/12/09 v1.3 Handle bit-vector datatype (HO)

(c:/texlive/2026/texmf-dist/tex/generic/bigintcalc/bigintcalc.sty
Package: bigintcalc 2019/12/15 v1.5 Expandable calculations on big integers (HO
)
))
\Fld@menulength=\count304
\Field@Width=\dimen158
\Fld@charsize=\dimen159
Package hyperref Info: Hyper figures OFF on input line 6084.
Package hyperref Info: Link nesting OFF on input line 6089.
Package hyperref Info: Hyper index ON on input line 6092.
Package hyperref Info: backreferencing OFF on input line 6099.
Package hyperref Info: Link coloring OFF on input line 6104.
Package hyperref Info: Link coloring with OCG OFF on input line 6109.
Package hyperref Info: PDF/A mode OFF on input line 6114.
\Hy@abspage=\count305
\c@Item=\count306
\c@Hfootnote=\count307
)
Package hyperref Info: Driver (autodetected): hxetex.

(c:/texlive/2026/texmf-dist/tex/latex/hyperref/hxetex.def
File: hxetex.def 2026-01-29 v7.01p Hyperref driver for XeTeX
\pdfm@box=\box54
\c@Hy@AnnotLevel=\count308
\HyField@AnnotCount=\count309
\Fld@listcount=\count310
\c@bookmark@seq@number=\count311

(c:/texlive/2026/texmf-dist/tex/latex/rerunfilecheck/rerunfilecheck.sty
Package: rerunfilecheck 2025-06-21 v1.11 Rerun checks for auxiliary files (HO)

(c:/texlive/2026/texmf-dist/tex/generic/uniquecounter/uniquecounter.sty
Package: uniquecounter 2019/12/15 v1.4 Provide unlimited unique counter (HO)
)
Package uniquecounter Info: New unique counter `rerunfilecheck' on input line 2
84.
)
\Hy@SectionHShift=\skip57
)
(c:/texlive/2026/texmf-dist/tex/latex/float/float.sty
Package: float 2001/11/08 v1.3d Float enhancements (AL)
\c@float@type=\count312
\float@exts=\toks18
\float@box=\box55
\@float@everytoks=\toks19
\@floatcapt=\box56
)
(c:/texlive/2026/texmf-dist/tex/latex/pdflscape/pdflscape.sty
Package: pdflscape 2025-06-23 v0.14 Display of landscape pages in PDF

(c:/texlive/2026/texmf-dist/tex/latex/pdflscape/pdflscape-nometadata.sty
Package: pdflscape-nometadata 2025-06-23 v0.14 Display of landscape pages in PD
F (HO)

(c:/texlive/2026/texmf-dist/tex/latex/graphics/lscape.sty
Package: lscape 2020/05/28 v3.02 Landscape Pages (DPC)
)
Package pdflscape Info: Auto-detected driver: dvipdfm (xetex) on input line 98.

))
(c:/texlive/2026/texmf-dist/tex/latex/xltabular/xltabular.sty
Package: xltabular 2025/02/28 v0.2i `xltabular' package (hv,RN)

(c:/texlive/2026/texmf-dist/tex/latex/tools/tabularx.sty
Package: tabularx 2023/12/11 v2.12a `tabularx' package (DPC)

(c:/texlive/2026/texmf-dist/tex/latex/tools/array.sty
Package: array 2025/09/25 v2.6n Tabular extension package (FMi)
\col@sep=\dimen160
\ar@mcellbox=\box57
\extrarowheight=\dimen161
\NC@list=\toks20
\extratabsurround=\skip58
\backup@length=\skip59
\ar@cellbox=\box58
)
\TX@col@width=\dimen162
\TX@old@table=\dimen163
\TX@old@col=\dimen164
\TX@target=\dimen165
\TX@delta=\dimen166
\TX@cols=\count313
\TX@ftn=\toks21
)
(c:/texlive/2026/texmf-dist/tex/latex/ltablex/ltablex.sty
Package: ltablex 2014/08/13 v1.1 Modified tabularx

(c:/texlive/2026/texmf-dist/tex/latex/tools/longtable.sty
Package: longtable 2025-10-13 v4.24 Multi-page Table package (DPC)
\LTleft=\skip60
\LTright=\skip61
\LTpre=\skip62
\LTpost=\skip63
\LTchunksize=\count314
\LTcapwidth=\dimen167
\LT@head=\box59
\LT@firsthead=\box60
\LT@foot=\box61
\LT@lastfoot=\box62
\LT@gbox=\box63
\LT@cols=\count315
\LT@rows=\count316
\c@LT@tables=\count317
\c@LT@chunks=\count318
\LT@p@ftn=\toks22
)))
(c:/texlive/2026/texmf-dist/tex/latex/makecell/makecell.sty
Package: makecell 2009/08/03 V0.1e Managing of Tab Column Heads and Cells
\rotheadsize=\dimen168
\c@nlinenum=\count319
\TeXr@lab=\toks23
)

Package array Warning: Redefining primitive column r on input line 16.

(c:/texlive/2026/texmf-dist/tex/latex/caption/caption.sty
Package: caption 2023/08/05 v3.6o Customizing captions (AR)

(c:/texlive/2026/texmf-dist/tex/latex/caption/caption3.sty
Package: caption3 2023/07/31 v2.4d caption3 kernel (AR)
\caption@tempdima=\dimen169
\captionmargin=\dimen170
\caption@leftmargin=\dimen171
\caption@rightmargin=\dimen172
\caption@width=\dimen173
\caption@indent=\dimen174
\caption@parindent=\dimen175
\caption@hangindent=\dimen176
Package caption Info: Unknown document class (or package),
(caption)             standard defaults will be used.
Package caption Info: \@makecaption = \long macro:#1#2->\vskip \abovecaptionski
p \sbox \@tempboxa {#1 -- #2}\ifdim \wd \@tempboxa >\hsize #1 -- #2\par \else \
global \@minipagefalse \if \instring {Таб}{#1} \hb@xt@ \hsize {\box \@tempboxa 
\hfil }\else \hb@xt@ \hsize {\hfil \box \@tempboxa \hfil }\fi \fi \vskip \below
captionskip  on input line 1175.
)

Package caption Warning: Unknown document class (or package),
(caption)                standard defaults will be used.
See the caption package documentation for explanation.

\c@caption@flags=\count320
\c@continuedfloat=\count321
Package caption Info: float package is loaded.
Package caption Info: hyperref package is loaded.
Package caption Info: longtable package is loaded.
(c:/texlive/2026/texmf-dist/tex/latex/caption/ltcaption.sty
Package: ltcaption 2021/01/08 v1.4c longtable captions (AR)
))
(c:/texlive/2026/texmf-dist/tex/latex/enumitem/enumitem.sty
Package: enumitem 2025/02/06 v3.11 Customized lists
\labelindent=\skip64
\enit@outerparindent=\dimen177
\enit@toks=\toks24
\enit@inbox=\box64
\enit@count@id=\count322
\enitdp@description=\count323
)
(c:/texlive/2026/texmf-dist/tex/latex/graphics/color.sty
Package: color 2025/01/14 v1.3e Standard LaTeX Color (DPC)

(c:/texlive/2026/texmf-dist/tex/latex/graphics-cfg/color.cfg
File: color.cfg 2016/01/02 v1.6 sample color configuration
)
Package color Info: Driver file: xetex.def on input line 149.

(c:/texlive/2026/texmf-dist/tex/latex/graphics/mathcolor.ltx))
(c:/texlive/2026/texmf-dist/tex/latex/listings/listings.sty
\lst@mode=\count324
\lst@gtempboxa=\box65
\lst@token=\toks25
\lst@length=\count325
\lst@currlwidth=\dimen178
\lst@column=\count326
\lst@pos=\count327
\lst@lostspace=\dimen179
\lst@width=\dimen180
\lst@newlines=\count328
\lst@lineno=\count329
\lst@maxwidth=\dimen181

(c:/texlive/2026/texmf-dist/tex/latex/listings/lstpatch.sty
File: lstpatch.sty 2025/11/14 1.11b (Carsten Heinz)
)
(c:/texlive/2026/texmf-dist/tex/latex/listings/lstmisc.sty
File: lstmisc.sty 2025/11/14 1.11b (Carsten Heinz)
\c@lstnumber=\count330
\lst@skipnumbers=\count331
\lst@framebox=\box66
)
(c:/texlive/2026/texmf-dist/tex/latex/listings/listings.cfg
File: listings.cfg 2025/11/14 1.11b listings configuration
))
Package: listings 2025/11/14 1.11b (Carsten Heinz)

==> First Aid for listings.sty no longer applied!
    Expected:
        2024/09/23 1.10c (Carsten Heinz)
    but found:
        2025/11/14 1.11b (Carsten Heinz)
    so I'm assuming it got fixed.

Package fontspec Info: 
(fontspec)             Verdana scale = 0.7.


Package fontspec Info: 
(fontspec)             Verdana scale = 0.7.


Package fontspec Info: 
(fontspec)             Verdana scale = 0.7.


Package fontspec Info: 
(fontspec)             Verdana/B scale = 0.7.


Package fontspec Info: 
(fontspec)             Verdana/B scale = 0.7.


Package fontspec Info: 
(fontspec)             Verdana/I scale = 0.7.


Package fontspec Info: 
(fontspec)             Verdana/I scale = 0.7.


Package fontspec Info: 
(fontspec)             Verdana/BI scale = 0.7.


Package fontspec Info: 
(fontspec)             Verdana/BI scale = 0.7.


Package fontspec Info: 
(fontspec)             Font family 'Verdana(0)' created for font 'Verdana'
(fontspec)             with options
(fontspec)             [WordSpace={1,0,0},HyphenChar=None,PunctuationSpace=Word
Space,Scale=0.7].
(fontspec)              
(fontspec)              This font family consists of the following NFSS
(fontspec)             series/shapes:
(fontspec)              
(fontspec)             - 'normal' (m/n) with NFSS spec.:
(fontspec)             <->s*[0.7]"Verdana/OT:script=latn;language=dflt;"
(fontspec)             - 'small caps'  (m/sc) with NFSS spec.:
(fontspec)             <->s*[0.7]"Verdana/OT:script=latn;language=dflt;+smcp;"
(fontspec)             and font adjustment code:
(fontspec)             \fontdimen 2\font =1\fontdimen 2\font \fontdimen 3\font
(fontspec)             =0\fontdimen 3\font \fontdimen 4\font =0\fontdimen
(fontspec)             4\font \fontdimen 7\font =0\fontdimen 2\font
(fontspec)             \tex_hyphenchar:D \font =-1\scan_stop: 
(fontspec)             - 'bold' (b/n) with NFSS spec.:
(fontspec)             <->s*[0.7]"Verdana/B/OT:script=latn;language=dflt;"
(fontspec)             - 'bold small caps'  (b/sc) with NFSS spec.:
(fontspec)             <->s*[0.7]"Verdana/B/OT:script=latn;language=dflt;+smcp;
"
(fontspec)             and font adjustment code:
(fontspec)             \fontdimen 2\font =1\fontdimen 2\font \fontdimen 3\font
(fontspec)             =0\fontdimen 3\font \fontdimen 4\font =0\fontdimen
(fontspec)             4\font \fontdimen 7\font =0\fontdimen 2\font
(fontspec)             \tex_hyphenchar:D \font =-1\scan_stop: 
(fontspec)             - 'italic' (m/it) with NFSS spec.:
(fontspec)             <->s*[0.7]"Verdana/I/OT:script=latn;language=dflt;"
(fontspec)             - 'italic small caps'  (m/scit) with NFSS spec.:
(fontspec)             <->s*[0.7]"Verdana/I/OT:script=latn;language=dflt;+smcp;
"
(fontspec)             and font adjustment code:
(fontspec)             \fontdimen 2\font =1\fontdimen 2\font \fontdimen 3\font
(fontspec)             =0\fontdimen 3\font \fontdimen 4\font =0\fontdimen
(fontspec)             4\font \fontdimen 7\font =0\fontdimen 2\font
(fontspec)             \tex_hyphenchar:D \font =-1\scan_stop: 
(fontspec)             - 'bold italic' (b/it) with NFSS spec.:
(fontspec)             <->s*[0.7]"Verdana/BI/OT:script=latn;language=dflt;"
(fontspec)             - 'bold italic small caps'  (b/scit) with NFSS spec.:
(fontspec)             <->s*[0.7]"Verdana/BI/OT:script=latn;language=dflt;+smcp
;"
(fontspec)             and font adjustment code:
(fontspec)             \fontdimen 2\font =1\fontdimen 2\font \fontdimen 3\font
(fontspec)             =0\fontdimen 3\font \fontdimen 4\font =0\fontdimen
(fontspec)             4\font \fontdimen 7\font =0\fontdimen 2\font
(fontspec)             \tex_hyphenchar:D \font =-1\scan_stop: 

(c:/texlive/2026/texmf-dist/tex/latex/listings/lstlang1.sty
File: lstlang1.sty 2025/11/14 1.11b listings language file
)
(c:/texlive/2026/texmf-dist/tex/latex/listings/lstmisc.sty
File: lstmisc.sty 2025/11/14 1.11b (Carsten Heinz)
)) (./main.aux
Package babel Info: 'russian' activates 'russian' shorthands.
(babel)             Reported on input line 8.


LaTeX Warning: Label `fig:titlegen' multiply defined.

)
\openout1 = `main.aux'.

LaTeX Font Info:    Checking defaults for OML/cmm/m/it on input line 31.
LaTeX Font Info:    ... okay on input line 31.
LaTeX Font Info:    Checking defaults for OMS/cmsy/m/n on input line 31.
LaTeX Font Info:    ... okay on input line 31.
LaTeX Font Info:    Checking defaults for OT1/cmr/m/n on input line 31.
LaTeX Font Info:    ... okay on input line 31.
LaTeX Font Info:    Checking defaults for T1/cmr/m/n on input line 31.
LaTeX Font Info:    ... okay on input line 31.
LaTeX Font Info:    Checking defaults for TS1/cmr/m/n on input line 31.
LaTeX Font Info:    ... okay on input line 31.
LaTeX Font Info:    Checking defaults for TU/lmr/m/n on input line 31.
LaTeX Font Info:    ... okay on input line 31.
LaTeX Font Info:    Checking defaults for OMX/cmex/m/n on input line 31.
LaTeX Font Info:    ... okay on input line 31.
LaTeX Font Info:    Checking defaults for U/cmr/m/n on input line 31.
LaTeX Font Info:    ... okay on input line 31.
LaTeX Font Info:    Checking defaults for PD1/pdf/m/n on input line 31.
LaTeX Font Info:    ... okay on input line 31.
LaTeX Font Info:    Checking defaults for PU/pdf/m/n on input line 31.
LaTeX Font Info:    ... okay on input line 31.

Package fontspec Info: 
(fontspec)             Adjusting the maths setup (use [no-math] to avoid
(fontspec)             this).

\symlegacymaths=\mathgroup4
LaTeX Font Info:    Overwriting symbol font `legacymaths' in version `bold'
(Font)                  OT1/cmr/m/n --> OT1/cmr/bx/n on input line 31.
LaTeX Font Info:    Redeclaring math accent \acute on input line 31.
LaTeX Font Info:    Redeclaring math accent \grave on input line 31.
LaTeX Font Info:    Redeclaring math accent \ddot on input line 31.
LaTeX Font Info:    Redeclaring math accent \tilde on input line 31.
LaTeX Font Info:    Redeclaring math accent \bar on input line 31.
LaTeX Font Info:    Redeclaring math accent \breve on input line 31.
LaTeX Font Info:    Redeclaring math accent \check on input line 31.
LaTeX Font Info:    Redeclaring math accent \hat on input line 31.
LaTeX Font Info:    Redeclaring math accent \dot on input line 31.
LaTeX Font Info:    Redeclaring math accent \mathring on input line 31.
LaTeX Font Info:    Redeclaring math symbol \colon on input line 31.
LaTeX Font Info:    Redeclaring math symbol \Gamma on input line 31.
LaTeX Font Info:    Redeclaring math symbol \Delta on input line 31.
LaTeX Font Info:    Redeclaring math symbol \Theta on input line 31.
LaTeX Font Info:    Redeclaring math symbol \Lambda on input line 31.
LaTeX Font Info:    Redeclaring math symbol \Xi on input line 31.
LaTeX Font Info:    Redeclaring math symbol \Pi on input line 31.
LaTeX Font Info:    Redeclaring math symbol \Sigma on input line 31.
LaTeX Font Info:    Redeclaring math symbol \Upsilon on input line 31.
LaTeX Font Info:    Redeclaring math symbol \Phi on input line 31.
LaTeX Font Info:    Redeclaring math symbol \Psi on input line 31.
LaTeX Font Info:    Redeclaring math symbol \Omega on input line 31.
LaTeX Font Info:    Redeclaring math symbol \mathdollar on input line 31.
LaTeX Font Info:    Redeclaring symbol font `operators' on input line 31.
LaTeX Font Info:    Encoding `OT1' has changed to `TU' for symbol font
(Font)              `operators' in the math version `normal' on input line 31.
LaTeX Font Info:    Overwriting symbol font `operators' in version `normal'
(Font)                  OT1/cmr/m/n --> TU/TimesNewRoman(0)/m/n on input line 3
1.
LaTeX Font Info:    Encoding `OT1' has changed to `TU' for symbol font
(Font)              `operators' in the math version `bold' on input line 31.
LaTeX Font Info:    Overwriting symbol font `operators' in version `bold'
(Font)                  OT1/cmr/bx/n --> TU/TimesNewRoman(0)/m/n on input line 
31.
LaTeX Font Info:    Overwriting symbol font `operators' in version `normal'
(Font)                  TU/TimesNewRoman(0)/m/n --> TU/TimesNewRoman(0)/m/n on 
input line 31.
LaTeX Font Info:    Overwriting math alphabet `\mathit' in version `normal'
(Font)                  OT1/cmr/m/it --> TU/TimesNewRoman(0)/m/it on input line
 31.
LaTeX Font Info:    Overwriting math alphabet `\mathbf' in version `normal'
(Font)                  OT1/cmr/bx/n --> TU/TimesNewRoman(0)/b/n on input line 
31.
LaTeX Font Info:    Overwriting math alphabet `\mathsf' in version `normal'
(Font)                  OT1/cmss/m/n --> TU/lmss/m/n on input line 31.
LaTeX Font Info:    Overwriting math alphabet `\mathtt' in version `normal'
(Font)                  OT1/cmtt/m/n --> TU/Verdana(0)/m/n on input line 31.
LaTeX Font Info:    Overwriting symbol font `operators' in version `bold'
(Font)                  TU/TimesNewRoman(0)/m/n --> TU/TimesNewRoman(0)/b/n on 
input line 31.
LaTeX Font Info:    Overwriting math alphabet `\mathit' in version `bold'
(Font)                  OT1/cmr/bx/it --> TU/TimesNewRoman(0)/b/it on input lin
e 31.
LaTeX Font Info:    Overwriting math alphabet `\mathsf' in version `bold'
(Font)                  OT1/cmss/bx/n --> TU/lmss/b/n on input line 31.
LaTeX Font Info:    Overwriting math alphabet `\mathtt' in version `bold'
(Font)                  OT1/cmtt/m/n --> TU/Verdana(0)/b/n on input line 31.
LaTeX Info: Redefining \th on input line 31.
Package hyperref Info: Link coloring OFF on input line 31.
 (./main.out) (./main.out)
\@outlinefile=\write3
\openout3 = `main.out'.

Package caption Info: Begin \AtBeginDocument code.
Package caption Info: listings package is loaded.
Package caption Info: End \AtBeginDocument code.
\c@lstlisting=\count332
LaTeX Font Info:    External font `cmex10' loaded for size
(Font)              <14.4> on input line 33.
LaTeX Font Info:    External font `cmex10' loaded for size
(Font)              <7> on input line 33.

Overfull \hbox (4.70218pt too wide) in paragraph at lines 33--33
[] 
 []


Overfull \hbox (4.70218pt too wide) in paragraph at lines 33--33
[]
 []


Underfull \hbox (badness 10000) in paragraph at lines 33--33

 []

[1] (./ЛистЗадания.tex
Underfull \hbox (badness 5787) in paragraph at lines 54--55
[]\TU/TimesNewRoman(0)/m/n/14.4 Провести анализ процессов проверки и оформления
 учебно-
 []

[2]
Underfull \hbox (badness 10000) in paragraph at lines 66--67
[]\TU/TimesNewRoman(0)/m/n/14.4 Провести тестирование разработанной информацион
но-
 []

(./main.lop [3])
\tf@lop=\write4
\openout4 = `main.lop'.


Overfull \hbox (4.70218pt too wide) in paragraph at lines 104--115
[][]
 []


Underfull \hbox (badness 10000) in paragraph at lines 104--115

 []

) (./Реферат.tex [4]
\c=\count333
\last=\count334
\pnul=\count335
\c=\count336
\last=\count337
\pnul=\count338
\c=\count339
\last=\count340
\pnul=\count341

Underfull \hbox (badness 2189) in paragraph at lines 15--16
\TU/TimesNewRoman(0)/m/n/14.4 взаимодействие с базой данных. Клиентская часть п
редоставляет web-
 []


Underfull \hbox (badness 6141) in paragraph at lines 17--18
[]\TU/TimesNewRoman(0)/m/n/14.4 В системе реализован модуль автоматической пров
ерки DOCX-
 []

[5]
\c=\count342
\last=\count343
\pnul=\count344
\c=\count345
\last=\count346
\pnul=\count347
\c=\count348
\last=\count349
\pnul=\count350
) [6] (./main.toc [7] [8] [9])
\tf@toc=\write5
\openout5 = `main.toc'.

 (./main.lpc)
\tf@lpc=\write6
\openout6 = `main.lpc'.

 (./Обозначения.tex
Underfull \hbox (badness 10000) in paragraph at lines 1--1

 []

[10]
Underfull \hbox (badness 10000) in paragraph at lines 9--10
[]\TU/TimesNewRoman(0)/m/n/14.4 ORM (Object–Relational Mapping) — технология об
ъектно-
 []


Underfull \hbox (badness 1762) in paragraph at lines 11--12
[]\TU/TimesNewRoman(0)/m/n/14.4 REST API (Representational State Transfer Appli
cation Programming
 []

) (./Резюме.tex [11]
Underfull \hbox (badness 4505) in paragraph at lines 6--7
[]\TU/TimesNewRoman(0)/m/n/14.4 Название: «Информационно-аналитическая система 
автоматизации
 []


Underfull \hbox (badness 1701) in paragraph at lines 6--7
\TU/TimesNewRoman(0)/m/n/14.4 проверки и оформления учебно-методических материа
лов редакционно-
 []


Underfull \hbox (badness 7203) in paragraph at lines 6--7
\TU/TimesNewRoman(0)/m/n/14.4 ления и обработки учебно-методических документов 
в редакционно-
 []


Underfull \hbox (badness 1953) in paragraph at lines 25--26
\TU/TimesNewRoman(0)/m/n/14.4 верки учебно-методических материалов, уменьшить к
оличество ошибок
 []


Underfull \hbox (badness 1199) in paragraph at lines 27--28
[]\TU/TimesNewRoman(0)/m/n/14.4 Актуальность проекта обусловлена необходимостью
 автоматизации
 []

[12]
Underfull \hbox (badness 2221) in paragraph at lines 44--45
[]\TU/TimesNewRoman(0)/m/n/14.4 Комплексная автоматизация процессов проверки и 
оформления
 []


Underfull \hbox (badness 2229) in paragraph at lines 50--51
[]\TU/TimesNewRoman(0)/m/n/14.4 Использование клиент-серверной архитектуры, обе
спечивающей
 []

[13]
Underfull \hbox (badness 10000) in paragraph at lines 67--68
[]\TU/TimesNewRoman(0)/m/n/14.4 Повышение эффективности взаимодействия сотрудни
ков
 []

) (./Введение.tex [14]
Underfull \hbox (badness 2073) in paragraph at lines 6--7
\TU/TimesNewRoman(0)/m/n/14.4 системы предоставляют возможность автоматизирован
ной проверки до-
 []


Underfull \hbox (badness 2073) in paragraph at lines 6--7
\TU/TimesNewRoman(0)/m/n/14.4 кументов, генерации отчётов, формирования титульн
ых листов и орга-
 []


Underfull \hbox (badness 1275) in paragraph at lines 6--7
\TU/TimesNewRoman(0)/m/n/14.4 низации взаимодействия между авторами и сотрудник
ами редакционно-
 []


Underfull \hbox (badness 3590) in paragraph at lines 10--11
\TU/TimesNewRoman(0)/m/n/14.4 системы для автоматизации процессов проверки и об
работки учебно-
 []

[15]
Underfull \hbox (badness 10000) in paragraph at lines 14--15
[]\TU/TimesNewRoman(0)/m/n/14.4 Изучить особенности организации работы редакцио
нно-
 []


Underfull \hbox (badness 1648) in paragraph at lines 15--16
[]\TU/TimesNewRoman(0)/m/n/14.4 Проанализировать существующие средства автомати
зации доку-
 []

\c=\count351
\last=\count352
\pnul=\count353
[16]) (./Анализ.tex [17]
Underfull \hbox (badness 10000) in paragraph at lines 3--3
[]\TU/TimesNewRoman(0)/b/n/14.4 1.1 Характеристика деятельности редакционно-изд
ательского
 []


Underfull \hbox (badness 10000) in paragraph at lines 13--13
[]\TU/TimesNewRoman(0)/b/n/14.4 1.2 Проблематика традиционного подхода к подгот
овке к
 []

[18] [19]
Underfull \hbox (badness 10000) in paragraph at lines 52--52
[]\TU/TimesNewRoman(0)/b/n/14.4 1.4 Анализ существующих систем автоматизации
 []

[20]
Underfull \hbox (badness 10000) in paragraph at lines 80--81
[]\TU/TimesNewRoman(0)/m/n/14.4 Несмотря на удобство совместного редактирования
, сервис не
 []

[21]
Underfull \hbox (badness 1231) in paragraph at lines 99--100
\TU/TimesNewRoman(0)/m/n/14.4 ренных решений не сочетает в себе функции автомат
ической проверки
 []

[22]) (./ТехЗадание.tex [23]
Underfull \hbox (badness 10000) in paragraph at lines 9--10
[]\TU/TimesNewRoman(0)/m/n/14.4 Основной целью работы является разработка и вне
дрение
 []


Underfull \hbox (badness 10000) in paragraph at lines 9--10
\TU/TimesNewRoman(0)/m/n/14.4 информационно-аналитической системы для автоматиз
ации процессов
 []


Underfull \hbox (badness 3088) in paragraph at lines 9--10
\TU/TimesNewRoman(0)/m/n/14.4 проверки, хранения и сопровождения учебно-методич
еских и научных
 []

[24]
Underfull \hbox (badness 10000) in paragraph at lines 41--42
[]\TU/TimesNewRoman(0)/m/n/14.4 Интерфейс информационной системы представляет с
обой веб-
 []


Underfull \hbox (badness 1270) in paragraph at lines 41--42
\TU/TimesNewRoman(0)/m/n/14.4 должен быть адаптирован для работы в распространё
нных браузерах и
 []

[25]
File: images/authorization.png Graphic file (type bmp)
<images/authorization.png>
File: images/profile.png Graphic file (type bmp)
<images/profile.png>
 [26] [27]
File: images/filecheck.png Graphic file (type bmp)
<images/filecheck.png>
File: images/titlegen.png Graphic file (type bmp)
<images/titlegen.png>
 [28

]
File: images/statistic.png Graphic file (type bmp)
<images/statistic.png>
 [29]
Underfull \hbox (badness 2111) in paragraph at lines 154--155
[]\TU/TimesNewRoman(0)/b/n/14.4 Администратор \TU/TimesNewRoman(0)/m/n/14.4 — о
бладает полными правами доступа, включая
 []

[30] [31]
File: images/diagramUser.png Graphic file (type bmp)
<images/diagramUser.png>
File: images/diagramAdmin.png Graphic file (type bmp)
<images/diagramAdmin.png>
 [32

]
File: images/diagramEditor.png Graphic file (type bmp)
<images/diagramEditor.png>
 [33

] [34]
Underfull \hbox (badness 10000) in paragraph at lines 293--293
[]\TU/TimesNewRoman(0)/b/n/14.4 2.7.4 Вариант использования «Автоматическая про
верка
 []


Underfull \hbox (badness 10000) in paragraph at lines 341--341
[]\TU/TimesNewRoman(0)/b/n/14.4 2.7.6 Вариант использования «Скачивание докумен
та с
 []

[35]
Underfull \hbox (badness 10000) in paragraph at lines 365--365
[]\TU/TimesNewRoman(0)/b/n/14.4 2.7.7 Вариант использования «Автоматическое сох
ранение
 []

[36] [37] [38]
Underfull \hbox (badness 10000) in paragraph at lines 508--509
[]\TU/TimesNewRoman(0)/m/n/14.4 Разрабатываемая информационно-аналитическая сис
тема должна
 []

[39] [40]) (./ТехПроект.tex [41]
Underfull \hbox (badness 1354) in paragraph at lines 5--6
[]\TU/TimesNewRoman(0)/m/n/14.4 Разрабатываемая информационно-аналитическая сис
тема построена
 []

[42]
File: images/architecture.jpg Graphic file (type bmp)
<images/architecture.jpg>
 [43] [44] [45]
Underfull \hbox (badness 10000) in paragraph at lines 84--86
[]\TU/TimesNewRoman(0)/m/n/14.4 Механизм маршрутизации FastAPI связывает URL-ад
реса с
 []

[46]
Underfull \hbox (badness 1377) in paragraph at lines 124--125
[]\TU/TimesNewRoman(0)/m/n/14.4 Таким образом, PostgreSQL обеспечивает надёжное
 хранение дан-
 []

[47] [48] [49] [50]
File: images/serverarchitecture.png Graphic file (type bmp)
<images/serverarchitecture.png>
 [51]
LaTeX Font Info:    Font shape `TU/Verdana(0)/m/n' will be
(Font)              scaled to size 10.07994pt on input line 238.
 [52]
File: images/apiroutes.png Graphic file (type bmp)
<images/apiroutes.png>
 [53] [54] [55]
Underfull \hbox (badness 1342) in paragraph at lines 319--320
\TU/TimesNewRoman(0)/m/n/14.4 направляется в сервисный модуль системы, реализую
щий необходимую
 []

[56] [57] [58] [59]
Underfull \hbox (badness 2205) in paragraph at lines 477--478
[]\TU/TimesNewRoman(0)/m/n/14.4 Модуль аутентификации и авторизации предназначе
н для обеспе-
 []


Underfull \hbox (badness 1668) in paragraph at lines 477--478
\TU/TimesNewRoman(0)/m/n/14.4 чения безопасного доступа пользователей к функция
м информационно-
 []

[60] [61]
File: images/authsequence.png Graphic file (type bmp)
<images/authsequence.png>

Overfull \hbox (26.05203pt too wide) in paragraph at lines 527--533
 [][] 
 []

[62] [63


] [64]
Underfull \hbox (badness 10000) in paragraph at lines 625--627
[]\TU/TimesNewRoman(0)/m/n/14.4 Дополнительно в системе могут использоваться mi
ddleware-
 []

[65]
Underfull \hbox (badness 10000) in paragraph at lines 664--665
[]\TU/TimesNewRoman(0)/m/n/14.4 Одним из компонентов серверной части информацио
нно-
 []


Underfull \hbox (badness 3536) in paragraph at lines 664--665
\TU/TimesNewRoman(0)/m/n/14.4 аналитической системы является модуль генерации т
итульных листов,
 []


Underfull \hbox (badness 5316) in paragraph at lines 664--665
\TU/TimesNewRoman(0)/m/n/14.4 предназначенный для автоматического формирования 
титульной части
 []

[66] [67] [68] [69]
File: images/modulbase.png Graphic file (type bmp)
<images/modulbase.png>

Overfull \hbox (28.27344pt too wide) in paragraph at lines 804--810
 [][] 
 []

[70]
Underfull \hbox (badness 10000) in paragraph at lines 818--819
[]\TU/TimesNewRoman(0)/m/n/14.4 Обмен данными между клиентской и серверной част
ями
 []


Underfull \hbox (badness 10000) in paragraph at lines 818--819
\TU/TimesNewRoman(0)/m/n/14.4 информационно-аналитической системы осуществляетс
я по протоколу
 []


Underfull \hbox (badness 1264) in paragraph at lines 836--837
[]\TU/TimesNewRoman(0)/m/n/14.4 JSON-структуры, содержащие сведения о результат
ах проверки,
 []

[71


]) (./РабочийПроект.tex [72]
Underfull \hbox (badness 10000) in paragraph at lines 26--26
[]|\TU/TimesNewRoman(0)/m/n/14.4 Проверяет корректность пароля
 []

[73]
Underfull \hbox (badness 10000) in paragraph at lines 44--44
[]|\TU/TimesNewRoman(0)/m/n/14.4 Подсчитывает количество доку-
 []


Underfull \hbox (badness 10000) in paragraph at lines 62--62
[]|\TU/TimesNewRoman(0)/m/n/14.4 Подсчитывает количество доку-
 []

[74]
Underfull \hbox (badness 10000) in paragraph at lines 81--81
[]|\TU/TimesNewRoman(0)/m/n/14.4 Устанавливает статус обработки
 []


Underfull \hbox (badness 3199) in paragraph at lines 100--100
[]|\TU/TimesNewRoman(0)/m/n/14.4 Формирует предварительную ин-
 []


ignored: Infinite glue shrinkage found in box being split [75]
Underfull \hbox (badness 10000) in paragraph at lines 118--118
[]|\TU/TimesNewRoman(0)/m/n/14.4 Устанавливает статус обработки
 []


Underfull \hbox (badness 10000) in paragraph at lines 118--118
[]|\TU/TimesNewRoman(0)/m/n/14.4 Выполняет экспорт метаданных
 []


Underfull \hbox (badness 10000) in paragraph at lines 122--123
[]\TU/TimesNewRoman(0)/m/n/14.4 Модуль проверки документов является основным ко
мпонентом
 []


Underfull \hbox (badness 4699) in paragraph at lines 122--123
\TU/TimesNewRoman(0)/m/n/14.4 информационно-аналитической системы и предназначе
н для автомати-
 []


Underfull \hbox (badness 3579) in paragraph at lines 122--123
\TU/TimesNewRoman(0)/m/n/14.4 зированного анализа учебно-методических материало
в на соответствие
 []

[76]
Underfull \hbox (badness 3954) in paragraph at lines 154--154
[]|\TU/TimesNewRoman(0)/m/n/14.4 Проверяет корректность заголов-
 []


Overfull \hbox (3.4873pt too wide) in paragraph at lines 169--169
[]|\TU/Verdana(0)/m/n/14.4 save_highlighted_document(path)|  
 []


Underfull \hbox (badness 2158) in paragraph at lines 169--169
[]|\TU/TimesNewRoman(0)/m/n/14.4 Сохраняет документ с разметкой
 []


ignored: Infinite glue shrinkage found in box being split [77]
Underfull \hbox (badness 2653) in paragraph at lines 199--199
[]|\TU/TimesNewRoman(0)/m/n/14.4 Проверяет корректность входных
 []


ignored: Infinite glue shrinkage found in box being split [78]
Underfull \hbox (badness 10000) in paragraph at lines 214--214
[]|\TU/TimesNewRoman(0)/m/n/14.4 Создаёт структуру DOCX-
 []

[79]
ignored: Infinite glue shrinkage found in box being split [80]
File: images/titlegen.png Graphic file (type bmp)
<images/titlegen.png>
File: images/titllist.png Graphic file (type bmp)
<images/titllist.png>
 [81]
File: images/vizualproverki.png Graphic file (type bmp)
<images/vizualproverki.png>
 [82]
File: images/otchetoproverke.png Graphic file (type bmp)
<images/otchetoproverke.png>
 [83]
Underfull \hbox (badness 3758) in paragraph at lines 359--360
[]\TU/TimesNewRoman(0)/m/n/14.4 В ходе тестирования были успешно проверены осно
вные функ-
 []

[84]
Underfull \hbox (badness 1205) in paragraph at lines 396--398
\TU/TimesNewRoman(0)/m/n/14.4 ется только авторизованным пользователям. Реализо
вана проверка JWT-
 []

[85]) (./Заключение.tex
Underfull \hbox (badness 10000) in paragraph at lines 414--1
[]\TU/TimesNewRoman(0)/m/n/14.4 Разработанная информационно-аналитическая систе
ма функцио-
 []


Underfull \hbox (badness 10000) in paragraph at lines 414--1
\TU/TimesNewRoman(0)/m/n/14.4 нирует стабильно, обеспечивает автоматизацию осно
вных процессов
 []

[86] [87]) (./СписокИсточников.tex
Underfull \hbox (badness 1490) in paragraph at lines 43--2
[]\TU/TimesNewRoman(0)/m/n/14.4 Все задачи, поставленные в начале выпускной ква
лификационной
 []

[88]
Underfull \hbox (badness 1436) in paragraph at lines 30--31
[]\TU/TimesNewRoman(0)/m/n/14.4 Pydantic Documentation : официальный сайт. – UR
L: []$[][][][][] [] [] [] [][][][] []
 []


Underfull \hbox (badness 1642) in paragraph at lines 33--34
[]\TU/TimesNewRoman(0)/m/n/14.4 Uvicorn Documentation : официальный сайт. – URL
: []$[][][][][] [] [] [] [][][] []
 []


Underfull \hbox (badness 1521) in paragraph at lines 36--37
[]\TU/TimesNewRoman(0)/m/n/14.4 Starlette Documentation : официальный сайт. – U
RL: []$[][][][][] [] [] [] [][][] []
 []

[89]
Underfull \hbox (badness 2111) in paragraph at lines 63--64
[]\TU/TimesNewRoman(0)/m/n/14.4 python-docx Documentation : официальный сайт. –
 URL: []$[][][][][] [] [] []
 []


Underfull \hbox (badness 1442) in paragraph at lines 69--70
[]\TU/TimesNewRoman(0)/m/n/14.4 ECMA-376 Office Open XML File Formats : официал
ьный сайт.
 []


Underfull \hbox (badness 10000) in paragraph at lines 69--70
\TU/TimesNewRoman(0)/m/n/14.4 – URL: []$[][][][][] [] [] [] [][][] [] [][][][][
][][][][][][][][][][][][][][] [] [][][] [] [][][][][][][][][][][][][][][][][][]
[][][][][][][][][][] [] [][][][][][][][][] []
 []

[90]
Underfull \hbox (badness 2435) in paragraph at lines 87--88
\TU/TimesNewRoman(0)/m/n/14.4 ный сайт. – URL: []$[][][][][] [] [] [] [][][] []
 [][][] [] [][][] [] [][][][] [] [][][] [] [] [] [] [] [] [] [][][]$[] (дата об
ращения:
 []

[91]
Underfull \hbox (badness 1527) in paragraph at lines 123--124
[]\TU/TimesNewRoman(0)/m/n/14.4 Fielding, R. Architectural Styles and the Desig
n of Network-based
 []


Underfull \hbox (badness 1824) in paragraph at lines 123--124
\TU/TimesNewRoman(0)/m/n/14.4 Software Architectures // University of Californi
a : официальный сайт. –
 []


Underfull \hbox (badness 6876) in paragraph at lines 132--133
[]\TU/TimesNewRoman(0)/m/n/14.4 Bootstrap Documentation : официальный сайт. – U
RL: []$[][][][][] [] [] []
 []


Underfull \hbox (badness 1237) in paragraph at lines 150--151
[]\TU/TimesNewRoman(0)/m/n/14.4 Лопес, Ф. SQLAlchemy. Архитектура и паттерны / 
Ф. Лопес. –
 []

[92]) (./Плакаты.tex [93] [94]
Invalid UTF-8 byte or sequence at line 11 replaced by U+FFFD.
Invalid UTF-8 byte or sequence at line 11 replaced by U+FFFD.
Invalid UTF-8 byte or sequence at line 11 replaced by U+FFFD.
Invalid UTF-8 byte or sequence at line 11 replaced by U+FFFD.
Invalid UTF-8 byte or sequence at line 11 replaced by U+FFFD.
Invalid UTF-8 byte or sequence at line 11 replaced by U+FFFD.
Invalid UTF-8 byte or sequence at line 11 replaced by U+FFFD.
File: ТитульныйЛист1.eps Graphic file (type eps)
<ТитульныйЛист1.eps>
Invalid UTF-8 byte or sequence at line 17 replaced by U+FFFD.
Invalid UTF-8 byte or sequence at line 17 replaced by U+FFFD.
Invalid UTF-8 byte or sequence at line 17 replaced by U+FFFD.
Invalid UTF-8 byte or sequence at line 17 replaced by U+FFFD.
Invalid UTF-8 byte or sequence at line 17 replaced by U+FFFD.
Invalid UTF-8 byte or sequence at line 17 replaced by U+FFFD.
File: Цели.eps Graphic file (type eps)
<Цели.eps>
 [95

]
Invalid UTF-8 byte or sequence at line 23 replaced by U+FFFD.
Invalid UTF-8 byte or sequence at line 23 replaced by U+FFFD.
Invalid UTF-8 byte or sequence at line 23 replaced by U+FFFD.
Invalid UTF-8 byte or sequence at line 23 replaced by U+FFFD.
Invalid UTF-8 byte or sequence at line 23 replaced by U+FFFD.
Invalid UTF-8 byte or sequence at line 23 replaced by U+FFFD.
Invalid UTF-8 byte or sequence at line 23 replaced by U+FFFD.
File: ДиаграммаПрецедентов.eps Graphic file (type eps)
<ДиаграммаПрецедентов.eps>
 [96]
Invalid UTF-8 byte or sequence at line 29 replaced by U+FFFD.
Invalid UTF-8 byte or sequence at line 29 replaced by U+FFFD.
Invalid UTF-8 byte or sequence at line 29 replaced by U+FFFD.
Invalid UTF-8 byte or sequence at line 29 replaced by U+FFFD.
Invalid UTF-8 byte or sequence at line 29 replaced by U+FFFD.
Invalid UTF-8 byte or sequence at line 29 replaced by U+FFFD.
File: Архитектура.eps Graphic file (type eps)
<Архитектура.eps>
 [97]
Invalid UTF-8 byte or sequence at line 35 replaced by U+FFFD.
Invalid UTF-8 byte or sequence at line 35 replaced by U+FFFD.
Invalid UTF-8 byte or sequence at line 35 replaced by U+FFFD.
Invalid UTF-8 byte or sequence at line 35 replaced by U+FFFD.
Invalid UTF-8 byte or sequence at line 35 replaced by U+FFFD.
Invalid UTF-8 byte or sequence at line 35 replaced by U+FFFD.
File: СервАрх.eps Graphic file (type eps)
<СервАрх.eps>
 [98]
Invalid UTF-8 byte or sequence at line 41 replaced by U+FFFD.
Invalid UTF-8 byte or sequence at line 41 replaced by U+FFFD.
Invalid UTF-8 byte or sequence at line 41 replaced by U+FFFD.
Invalid UTF-8 byte or sequence at line 41 replaced by U+FFFD.
Invalid UTF-8 byte or sequence at line 41 replaced by U+FFFD.
Invalid UTF-8 byte or sequence at line 41 replaced by U+FFFD.
Invalid UTF-8 byte or sequence at line 41 replaced by U+FFFD.
File: Аутентификация.eps Graphic file (type eps)
<Аутентификация.eps>
 [99]
Invalid UTF-8 byte or sequence at line 47 replaced by U+FFFD.
Invalid UTF-8 byte or sequence at line 47 replaced by U+FFFD.
Invalid UTF-8 byte or sequence at line 47 replaced by U+FFFD.
Invalid UTF-8 byte or sequence at line 47 replaced by U+FFFD.
Invalid UTF-8 byte or sequence at line 47 replaced by U+FFFD.
Invalid UTF-8 byte or sequence at line 47 replaced by U+FFFD.
Invalid UTF-8 byte or sequence at line 47 replaced by U+FFFD.
Invalid UTF-8 byte or sequence at line 47 replaced by U+FFFD.
File: Апи.eps Graphic file (type eps)
<Апи.eps>
 [100]
Invalid UTF-8 byte or sequence at line 53 replaced by U+FFFD.
Invalid UTF-8 byte or sequence at line 53 replaced by U+FFFD.
Invalid UTF-8 byte or sequence at line 53 replaced by U+FFFD.
Invalid UTF-8 byte or sequence at line 53 replaced by U+FFFD.
Invalid UTF-8 byte or sequence at line 53 replaced by U+FFFD.
Invalid UTF-8 byte or sequence at line 53 replaced by U+FFFD.
File: Авторизация.eps Graphic file (type eps)
<Авторизация.eps>
 [101]
Invalid UTF-8 byte or sequence at line 59 replaced by U+FFFD.
Invalid UTF-8 byte or sequence at line 59 replaced by U+FFFD.
Invalid UTF-8 byte or sequence at line 59 replaced by U+FFFD.
Invalid UTF-8 byte or sequence at line 59 replaced by U+FFFD.
Invalid UTF-8 byte or sequence at line 59 replaced by U+FFFD.
Invalid UTF-8 byte or sequence at line 59 replaced by U+FFFD.
Invalid UTF-8 byte or sequence at line 59 replaced by U+FFFD.
File: Проверка.eps Graphic file (type eps)
<Проверка.eps>
 [102]
Invalid UTF-8 byte or sequence at line 65 replaced by U+FFFD.
Invalid UTF-8 byte or sequence at line 65 replaced by U+FFFD.
Invalid UTF-8 byte or sequence at line 65 replaced by U+FFFD.
Invalid UTF-8 byte or sequence at line 65 replaced by U+FFFD.
Invalid UTF-8 byte or sequence at line 65 replaced by U+FFFD.
Invalid UTF-8 byte or sequence at line 65 replaced by U+FFFD.
Invalid UTF-8 byte or sequence at line 65 replaced by U+FFFD.
File: Профиль.eps Graphic file (type eps)
<Профиль.eps>

[103]
Invalid UTF-8 byte or sequence at line 71 replaced by U+FFFD.
Invalid UTF-8 byte or sequence at line 71 replaced by U+FFFD.
Invalid UTF-8 byte or sequence at line 71 replaced by U+FFFD.
Invalid UTF-8 byte or sequence at line 71 replaced by U+FFFD.
Invalid UTF-8 byte or sequence at line 71 replaced by U+FFFD.
Invalid UTF-8 byte or sequence at line 71 replaced by U+FFFD.
Invalid UTF-8 byte or sequence at line 71 replaced by U+FFFD.
Invalid UTF-8 byte or sequence at line 71 replaced by U+FFFD.
File: Заключение.eps Graphic file (type eps)
<Заключение.eps>
 [104] [105]) (./Код.tex
(c:/texlive/2026/texmf-dist/tex/latex/listings/lstlang1.sty
File: lstlang1.sty 2025/11/14 1.11b listings language file
)
Package hyperref Info: bookmark level for unknown lstlisting defaults to 0 on i
nput line 4.
 (./auth.py
[106

] [107]) (./checker.py [108] [109] [110]) (./statistics.py [111] [112])
(./title_page.py [113]) (./admin.py [114]) [115]) [116] (./main.aux)
 ***********
LaTeX2e <2025-11-01>
L3 programming layer <2026-03-20>
 ***********


LaTeX Warning: There were multiply-defined labels.

Package rerunfilecheck Info: File `main.out' has not changed.
(rerunfilecheck)             Checksum: 093046BA2A915ECBF16F077375C9D8C1;30759.
 ) 
Here is how much of TeX's memory you used:
 16498 strings out of 467991
 317777 string characters out of 5433156
 1160492 words of memory out of 5000000
 45105 multiletter control sequences out of 15000+600000
 629250 words of font info for 76 fonts, out of 8000000 for 9000
 1348 hyphenation exceptions out of 8191
 93i,11n,110p,1489b,2239s stack positions out of 10000i,1000n,20000p,200000b,200000s

Output written on main.pdf (116 pages).
